[2026-05-20 03:51:25] GET /api/books 200 9.85ms
[2026-05-20 03:51:25] GET /api/books/999 404 8.15ms
[2026-05-20 03:51:25] GET / 200 8.04ms
[2026-05-20 03:51:25] GET /api/books 401 7.96ms
[2026-05-20 03:51:33] POST /api/books 201 11.12ms
[2026-05-20 03:51:33] POST /api/books 400 11.17ms
[2026-05-20 03:52:04] OPTIONS /api/books 204 5.98ms
[2026-05-20 03:52:04] GET /api/books 200 21.08ms
[2026-05-20 03:56:00] GET /api/books 200 22.87ms
[2026-05-20 03:56:08] GET /api/books 200 13.26ms
[2026-05-20 03:56:17] GET /api/books 200 15.40ms
[2026-05-20 03:56:24] GET /api/books/1 200 8.10ms
[2026-05-20 03:56:28] GET /api/books/999 404 10.68ms
[2026-05-20 03:56:33] POST /api/books 201 13.81ms
[2026-05-20 03:56:40] POST /api/books 400 11.96ms
[2026-05-20 03:56:47] PUT /api/books/1 200 6.29ms
[2026-05-20 03:56:56] DELETE /api/books/2 200 15.05ms
[2026-05-20 03:57:16] GET /api/books 401 14.90ms
[2026-05-20 03:57:21] OPTIONS /api/books 204 1.56ms
[2026-05-20 03:57:27] GET / 200 12.48ms
[2026-05-20 03:58:50] GET /api/books 200 27.51ms
[2026-05-20 03:58:56] GET /api/books 200 13.85ms
[2026-05-20 03:59:01] DELETE /api/books/2 200 8.48ms
[2026-05-20 03:59:10] GET /api/books 200 8.14ms
[2026-05-20 04:00:13] GET /api/books 401 12.63ms
[2026-05-20 04:00:19] OPTIONS /api/books 204 1.26ms
